%!Adobe-FontList 1.14
%Locale:0x80a

%BeginFont
Handler:DirectoryHandler
FontType:Invalid
OutlineFileName:C:\Users\Anzen\Dropbox\Trabajo_compartido\CrowdMentor\crowdmentor\Font\._lato-bol-webfont.eot
FileModTime:1383574198
%EndFont

%BeginFont
Handler:DirectoryHandler
FontType:Invalid
OutlineFileName:C:\Users\Anzen\Dropbox\Trabajo_compartido\CrowdMentor\crowdmentor\Font\._lato-bol-webfont.svg
FileModTime:1383574198
%EndFont

%BeginFont
Handler:DirectoryHandler
FontType:Invalid
OutlineFileName:C:\Users\Anzen\Dropbox\Trabajo_compartido\CrowdMentor\crowdmentor\Font\._lato-bol-webfont.woff
FileModTime:1383574198
%EndFont

%BeginFont
Handler:DirectoryHandler
FontType:Invalid
OutlineFileName:C:\Users\Anzen\Dropbox\Trabajo_compartido\CrowdMentor\crowdmentor\Font\._lato-lig-webfont.eot
FileModTime:1383574198
%EndFont

%BeginFont
Handler:DirectoryHandler
FontType:Invalid
OutlineFileName:C:\Users\Anzen\Dropbox\Trabajo_compartido\CrowdMentor\crowdmentor\Font\._lato-lig-webfont.svg
FileModTime:1383574198
%EndFont

%BeginFont
Handler:DirectoryHandler
FontType:Invalid
OutlineFileName:C:\Users\Anzen\Dropbox\Trabajo_compartido\CrowdMentor\crowdmentor\Font\._lato-lig-webfont.woff
FileModTime:1383574198
%EndFont

%BeginFont
Handler:DirectoryHandler
FontType:Invalid
OutlineFileName:C:\Users\Anzen\Dropbox\Trabajo_compartido\CrowdMentor\crowdmentor\Font\._lato-reg-webfont.eot
FileModTime:1383574198
%EndFont

%BeginFont
Handler:DirectoryHandler
FontType:Invalid
OutlineFileName:C:\Users\Anzen\Dropbox\Trabajo_compartido\CrowdMentor\crowdmentor\Font\._lato-reg-webfont.svg
FileModTime:1383574198
%EndFont

%BeginFont
Handler:DirectoryHandler
FontType:Invalid
OutlineFileName:C:\Users\Anzen\Dropbox\Trabajo_compartido\CrowdMentor\crowdmentor\Font\._lato-reg-webfont.woff
FileModTime:1383574198
%EndFont

%BeginFont
Handler:DirectoryHandler
FontType:Invalid
OutlineFileName:C:\Users\Anzen\Dropbox\Trabajo_compartido\CrowdMentor\crowdmentor\Font\lato-bol-webfont.eot
FileModTime:1382857308
%EndFont

%BeginFont
Handler:DirectoryHandler
FontType:Invalid
OutlineFileName:C:\Users\Anzen\Dropbox\Trabajo_compartido\CrowdMentor\crowdmentor\Font\lato-bol-webfont.svg
FileModTime:1382857308
%EndFont

%BeginFont
Handler:DirectoryHandler
FontType:TrueType
FontName:Lato-Bold
FamilyName:Lato
StyleName:Bold
FullName:Lato Bold
MenuName:Lato
StyleBits:2
WritingScript:Roman
OutlineFileName:C:\Users\Anzen\Dropbox\Trabajo_compartido\CrowdMentor\crowdmentor\Font\lato-bol-webfont.ttf
DataFormat:sfntData
FileLength:58300
FileModTime:1382857308
WeightClass:700
WidthClass:5
AngleClass:0
%EndFont

%BeginFont
Handler:DirectoryHandler
FontType:Invalid
OutlineFileName:C:\Users\Anzen\Dropbox\Trabajo_compartido\CrowdMentor\crowdmentor\Font\lato-bol-webfont.woff
FileModTime:1382857308
%EndFont

%BeginFont
Handler:DirectoryHandler
FontType:Invalid
OutlineFileName:C:\Users\Anzen\Dropbox\Trabajo_compartido\CrowdMentor\crowdmentor\Font\lato-lig-webfont.eot
FileModTime:1382857308
%EndFont

%BeginFont
Handler:DirectoryHandler
FontType:Invalid
OutlineFileName:C:\Users\Anzen\Dropbox\Trabajo_compartido\CrowdMentor\crowdmentor\Font\lato-lig-webfont.svg
FileModTime:1382857308
%EndFont

%BeginFont
Handler:DirectoryHandler
FontType:TrueType
FontName:Lato-Light
FamilyName:Lato
StyleName:Light
FullName:Lato Light Regular
MenuName:Lato Light
StyleBits:0
WritingScript:Roman
OutlineFileName:C:\Users\Anzen\Dropbox\Trabajo_compartido\CrowdMentor\crowdmentor\Font\lato-lig-webfont.ttf
DataFormat:sfntData
FileLength:56648
FileModTime:1382857308
WeightClass:300
WidthClass:5
AngleClass:0
%EndFont

%BeginFont
Handler:DirectoryHandler
FontType:Invalid
OutlineFileName:C:\Users\Anzen\Dropbox\Trabajo_compartido\CrowdMentor\crowdmentor\Font\lato-lig-webfont.woff
FileModTime:1382857308
%EndFont

%BeginFont
Handler:DirectoryHandler
FontType:Invalid
OutlineFileName:C:\Users\Anzen\Dropbox\Trabajo_compartido\CrowdMentor\crowdmentor\Font\lato-reg-webfont.eot
FileModTime:1382857308
%EndFont

%BeginFont
Handler:DirectoryHandler
FontType:Invalid
OutlineFileName:C:\Users\Anzen\Dropbox\Trabajo_compartido\CrowdMentor\crowdmentor\Font\lato-reg-webfont.svg
FileModTime:1382857308
%EndFont

%BeginFont
Handler:DirectoryHandler
FontType:TrueType
FontName:Lato-Regular
FamilyName:Lato
StyleName:Regular
FullName:Lato Regular
MenuName:Lato
StyleBits:0
WritingScript:Roman
OutlineFileName:C:\Users\Anzen\Dropbox\Trabajo_compartido\CrowdMentor\crowdmentor\Font\lato-reg-webfont.ttf
DataFormat:sfntData
FileLength:57484
FileModTime:1382857308
WeightClass:400
WidthClass:5
AngleClass:0
%EndFont

%BeginFont
Handler:DirectoryHandler
FontType:Invalid
OutlineFileName:C:\Users\Anzen\Dropbox\Trabajo_compartido\CrowdMentor\crowdmentor\Font\lato-reg-webfont.woff
FileModTime:1382857308
%EndFont

